backend/functions/src/index.ts(1,28): error TS2307: Cannot find module 'firebase-functions' or its corresponding type declarations.
backend/functions/src/index.ts(2,24): error TS2307: Cannot find module 'firebase-admin' or its corresponding type declarations.
OrganizedCode/Storage/adService.tsx(2,76): error TS2307: Cannot find module '@react-native-firebase/admob' or its corresponding type declarations.
OrganizedCode/Storage/backgroundService.ts(1,64): error TS2307: Cannot find module 'react-native-background-geolocation' or its corresponding type declarations.
OrganizedCode/Storage/backgroundService.ts(2,56): error TS2307: Cannot find module 'react-native-push-notification' or its corresponding type declarations.
OrganizedCode/Storage/backgroundService.ts(3,19): error TS2307: Cannot find module 'react-native-sound' or its corresponding type declarations.
OrganizedCode/Storage/backgroundService.ts(4,17): error TS2307: Cannot find module 'react-native-tts' or its corresponding type declarations.
OrganizedCode/Storage/backgroundService.ts(8,33): error TS2307: Cannot find module '@react-native-community/push-notification-ios' or its corresponding type declarations.
OrganizedCode/Storage/firebase/service.ts(1,31): error TS2307: Cannot find module 'firebase/app' or its corresponding type declarations.
OrganizedCode/Storage/firebase/service.ts(7,8): error TS2307: Cannot find module 'firebase/auth' or its corresponding type declarations.
OrganizedCode/Storage/firebase/service.ts(21,8): error TS2307: Cannot find module 'firebase/firestore' or its corresponding type declarations.
OrganizedCode/Storage/firebase/service.ts(22,45): error TS2307: Cannot find module 'firebase/functions' or its corresponding type declarations.
OrganizedCode/Storage/inAppPurchaseService.ts(2,24): error TS2307: Cannot find module 'react-native-iap' or its corresponding type declarations.
OrganizedCode/Storage/inAppPurchaseService.ts(54,36): error TS7006: Parameter 'product' implicitly has an 'any' type.
OrganizedCode/Storage/inAppPurchaseService.ts(72,76): error TS7006: Parameter 'purchase' implicitly has an 'any' type.
OrganizedCode/Storage/inAppPurchaseService.ts(87,67): error TS7006: Parameter 'error' implicitly has an 'any' type.
OrganizedCode/Storage/voiceCommandService.ts(2,17): error TS2307: Cannot find module 'react-native-tts' or its corresponding type declarations.
OrganizedCode/UI/LoginScreen.tsx(11,28): error TS2307: Cannot find module '@react-native-google-signin/google-signin' or its corresponding type declarations.
OrganizedCode/UI/LoginScreen.tsx(12,25): error TS2307: Cannot find module '@invertase/react-native-apple-authentication' or its corresponding type declarations.
OrganizedCode/UI/LoginScreen.tsx(17,8): error TS2307: Cannot find module 'firebase/auth' or its corresponding type declarations.
OrganizedCode/UI/WildlifeMap.tsx(3,64): error TS2307: Cannot find module 'react-native-maps' or its corresponding type declarations.
